** Drc report for Mainboard.kicad_pcb **
** Created on 2026-02-23T15:43:00+0000 **

** Found 141 DRC violations **
[lib_footprint_issues]: The current configuration does not include the footprint library 'Testpoints_Kampi'.
    ; warning
    @(201.2 mm, 181.2 mm): Footprint TP701
[lib_footprint_mismatch]: Footprint 'C_0603_1608Metric' does not match copy in library 'Capacitor_SMD'.
    ; warning
    @(225.0 mm, 168.375 mm): Footprint C811
[lib_footprint_mismatch]: Footprint 'TSSOP-8_3x3mm_P0.65mm' does not match copy in library 'Package_SO'.
    ; warning
    @(201.5 mm, 149.2 mm): Footprint IC1104
[lib_footprint_mismatch]: Footprint 'C_0603_1608Metric' does not match copy in library 'Capacitor_SMD'.
    ; warning
    @(205.925 mm, 176.225 mm): Footprint C806
[lib_footprint_issues]: The current configuration does not include the footprint library 'Testpoints_Kampi'.
    ; warning
    @(201.5 mm, 141.737501 mm): Footprint TP802
[lib_footprint_mismatch]: Footprint 'R_0603_1608Metric' does not match copy in library 'Resistor_SMD'.
    ; warning
    @(239.65 mm, 155.5 mm): Footprint R1202
[lib_footprint_mismatch]: Footprint 'R_0603_1608Metric' does not match copy in library 'Resistor_SMD'.
    ; warning
    @(241.3 mm, 133.875 mm): Footprint R1402
[lib_footprint_mismatch]: Footprint 'C_0603_1608Metric' does not match copy in library 'Capacitor_SMD'.
    ; warning
    @(205.5 mm, 123.1 mm): Footprint C901
[lib_footprint_mismatch]: Footprint 'R_0603_1608Metric' does not match copy in library 'Resistor_SMD'.
    ; warning
    @(226.0 mm, 162.975 mm): Footprint R806
[lib_footprint_mismatch]: Footprint 'Oscillator_SMD_Abracon_ASDMB-4Pin_2.5x2.0mm' does not match copy in library 'Oscillator'.
    ; warning
    @(219.8 mm, 175.675 mm): Footprint Y1001
[lib_footprint_mismatch]: Footprint 'Amphenol_F32R-1A7x1-11014_1x14-1MP_P0.5mm_Horizontal' does not match copy in library 'Connector_FFC-FPC'.
    ; warning
    @(250.0 mm, 132.0 mm): Footprint X1401
[lib_footprint_issues]: The current configuration does not include the footprint library 'Testpoints_Kampi'.
    ; warning
    @(208.675 mm, 168.6 mm): Footprint TP806
[lib_footprint_issues]: The current configuration does not include the footprint library 'Testpoints_Kampi'.
    ; warning
    @(225.9 mm, 148.3 mm): Footprint TP801
[lib_footprint_mismatch]: Footprint 'C_0603_1608Metric' does not match copy in library 'Capacitor_SMD'.
    ; warning
    @(239.2 mm, 167.6 mm): Footprint C1101
[lib_footprint_mismatch]: Footprint 'SOT-23-5' does not match copy in library 'Package_TO_SOT_SMD'.
    ; warning
    @(223.1375 mm, 163.425 mm): Footprint IC804
[lib_footprint_issues]: The current configuration does not include the footprint library 'Package_SON_Kampi'.
    ; warning
    @(222.6 mm, 185.925 mm): Footprint IC1103
[lib_footprint_mismatch]: Footprint 'R_0603_1608Metric' does not match copy in library 'Resistor_SMD'.
    ; warning
    @(218.4 mm, 184.3 mm): Footprint R1111
[lib_footprint_issues]: The current configuration does not include the footprint library 'Testpoints_Kampi'.
    ; warning
    @(220.0 mm, 148.3 mm): Footprint TP1101
[lib_footprint_mismatch]: Footprint 'C_0603_1608Metric' does not match copy in library 'Capacitor_SMD'.
    ; warning
    @(222.0 mm, 175.675 mm): Footprint C1003
[lib_footprint_mismatch]: Footprint 'R_0603_1608Metric' does not match copy in library 'Resistor_SMD'.
    ; warning
    @(227.8 mm, 172.5 mm): Footprint R1006
[lib_footprint_mismatch]: Footprint 'R_0603_1608Metric' does not match copy in library 'Resistor_SMD'.
    ; warning
    @(224.0 mm, 174.3 mm): Footprint R902
[lib_footprint_mismatch]: Footprint 'R_0603_1608Metric' does not match copy in library 'Resistor_SMD'.
    ; warning
    @(198.505 mm, 183.1 mm): Footprint R704
[lib_footprint_mismatch]: Footprint 'WSON-6-1EP_2x2mm_P0.65mm_EP1x1.6mm' does not match copy in library 'Package_SON'.
    ; warning
    @(260.1875 mm, 186.65 mm): Footprint IC1102
[lib_footprint_mismatch]: Footprint 'R_0603_1608Metric' does not match copy in library 'Resistor_SMD'.
    ; warning
    @(244.6 mm, 152.8 mm): Footprint R1203
[lib_footprint_mismatch]: Footprint 'C_0603_1608Metric' does not match copy in library 'Capacitor_SMD'.
    ; warning
    @(263.3 mm, 186.65 mm): Footprint C1103
[lib_footprint_mismatch]: Footprint 'R_0603_1608Metric' does not match copy in library 'Resistor_SMD'.
    ; warning
    @(221.6 mm, 171.8 mm): Footprint R1003
[lib_footprint_issues]: The current configuration does not include the footprint library 'Testpoints_Kampi'.
    ; warning
    @(239.2 mm, 170.0 mm): Footprint TP1109
[lib_footprint_mismatch]: Footprint 'R_0603_1608Metric' does not match copy in library 'Resistor_SMD'.
    ; warning
    @(239.8 mm, 133.875 mm): Footprint R1403
[lib_footprint_mismatch]: Footprint 'C_0603_1608Metric' does not match copy in library 'Capacitor_SMD'.
    ; warning
    @(220.3 mm, 163.575 mm): Footprint C810
[lib_footprint_mismatch]: Footprint 'R_0603_1608Metric' does not match copy in library 'Resistor_SMD'.
    ; warning
    @(221.6 mm, 170.25 mm): Footprint R1001
[lib_footprint_mismatch]: Footprint 'R_0603_1608Metric' does not match copy in library 'Resistor_SMD'.
    ; warning
    @(244.695 mm, 166.5 mm): Footprint R1113
[lib_footprint_mismatch]: Footprint 'R_0603_1608Metric' does not match copy in library 'Resistor_SMD'.
    ; warning
    @(227.525 mm, 174.0 mm): Footprint R901
[lib_footprint_issues]: The current configuration does not include the footprint library 'Package_SON_Kampi'.
    ; warning
    @(225.525 mm, 172.375001 mm): Footprint IC1002
[lib_footprint_issues]: The current configuration does not include the footprint library 'Testpoints_Kampi'.
    ; warning
    @(243.7 mm, 156.7 mm): Footprint TP1106
[lib_footprint_issues]: The current configuration does not include the footprint library 'Testpoints_Kampi'.
    ; warning
    @(217.0 mm, 176.5 mm): Footprint TP804
[lib_footprint_mismatch]: Footprint 'R_0603_1608Metric' does not match copy in library 'Resistor_SMD'.
    ; warning
    @(256.6 mm, 188.425 mm): Footprint R1105
[lib_footprint_mismatch]: Footprint 'R_0603_1608Metric' does not match copy in library 'Resistor_SMD'.
    ; warning
    @(217.4 mm, 168.45 mm): Footprint R1004
[lib_footprint_mismatch]: Footprint 'R_0603_1608Metric' does not match copy in library 'Resistor_SMD'.
    ; warning
    @(222.5 mm, 183.7 mm): Footprint R1112
[lib_footprint_mismatch]: Footprint 'R_0603_1608Metric' does not match copy in library 'Resistor_SMD'.
    ; warning
    @(230.7 mm, 167.975 mm): Footprint R807
[lib_footprint_mismatch]: Footprint 'TDFN-8-1EP_2x2mm_P0.5mm_EP0.8x1.2mm' does not match copy in library 'Package_DFN_QFN'.
    ; warning
    @(191.5 mm, 189.5 mm): Footprint IC703
[lib_footprint_issues]: The current configuration does not include the footprint library 'Testpoints_Kampi'.
    ; warning
    @(206.7 mm, 173.7 mm): Footprint TP803
[lib_footprint_issues]: The current configuration does not include the footprint library 'Testpoints_Kampi'.
    ; warning
    @(218.0 mm, 166.65 mm): Footprint TP805
[lib_footprint_mismatch]: Footprint 'C_0603_1608Metric' does not match copy in library 'Capacitor_SMD'.
    ; warning
    @(229.7 mm, 170.875 mm): Footprint C808
[lib_footprint_mismatch]: Footprint 'SOT-666' does not match copy in library 'Package_TO_SOT_SMD'.
    ; warning
    @(203.605 mm, 187.3 mm): Footprint IC701
[lib_footprint_issues]: The current configuration does not include the footprint library 'Testpoints_Kampi'.
    ; warning
    @(219.2 mm, 152.4 mm): Footprint TP1102
[lib_footprint_mismatch]: Footprint 'R_0603_1608Metric' does not match copy in library 'Resistor_SMD'.
    ; warning
    @(216.65 mm, 170.0 mm): Footprint R1005
[lib_footprint_mismatch]: Footprint 'C_0603_1608Metric' does not match copy in library 'Capacitor_SMD'.
    ; warning
    @(198.83 mm, 188.1 mm): Footprint C701
[lib_footprint_mismatch]: Footprint 'R_0603_1608Metric' does not match copy in library 'Resistor_SMD'.
    ; warning
    @(207.375 mm, 158.5 mm): Footprint R808
[lib_footprint_mismatch]: Footprint 'R_0603_1608Metric' does not match copy in library 'Resistor_SMD'.
    ; warning
    @(249.675 mm, 156.9 mm): Footprint R1301
[lib_footprint_mismatch]: Footprint 'R_0603_1608Metric' does not match copy in library 'Resistor_SMD'.
    ; warning
    @(232.0 mm, 184.8 mm): Footprint R1109
[lib_footprint_issues]: The current configuration does not include the footprint library 'Micro Crystal'.
    ; warning
    @(220.2 mm, 184.0 mm): Footprint IC1105
[lib_footprint_mismatch]: Footprint 'Texas_VSON-HR-8_1.5x2mm_P0.5mm' does not match copy in library 'Package_SON'.
    ; warning
    @(208.73 mm, 179.3 mm): Footprint IC803
[lib_footprint_mismatch]: Footprint 'R_0603_1608Metric' does not match copy in library 'Resistor_SMD'.
    ; warning
    @(236.2 mm, 128.5 mm): Footprint R1401
[lib_footprint_mismatch]: Footprint 'R_0603_1608Metric' does not match copy in library 'Resistor_SMD'.
    ; warning
    @(204.0 mm, 123.1 mm): Footprint R903
[lib_footprint_mismatch]: Footprint 'C_0603_1608Metric' does not match copy in library 'Capacitor_SMD'.
    ; warning
    @(205.5 mm, 120.1 mm): Footprint C902
[lib_footprint_mismatch]: Footprint 'C_0603_1608Metric' does not match copy in library 'Capacitor_SMD'.
    ; warning
    @(202.875 mm, 146.6 mm): Footprint C1104
[lib_footprint_mismatch]: Footprint 'R_0603_1608Metric' does not match copy in library 'Resistor_SMD'.
    ; warning
    @(225.4 mm, 187.125 mm): Footprint R1108
[lib_footprint_mismatch]: Footprint 'Texas_R-PUQFN-N12' does not match copy in library 'Package_DFN_QFN'.
    ; warning
    @(213.100001 mm, 159.6 mm): Footprint IC1001
[lib_footprint_mismatch]: Footprint 'R_0603_1608Metric' does not match copy in library 'Resistor_SMD'.
    ; warning
    @(226.9 mm, 120.2 mm): Footprint R1102
[lib_footprint_mismatch]: Footprint 'R_0603_1608Metric' does not match copy in library 'Resistor_SMD'.
    ; warning
    @(214.65 mm, 166.4 mm): Footprint R1002
[lib_footprint_issues]: The current configuration does not include the footprint library 'Same Sky'.
    ; warning
    @(240.3 mm, 194.3 mm): Footprint SW901
[lib_footprint_mismatch]: Footprint 'R_0603_1608Metric' does not match copy in library 'Resistor_SMD'.
    ; warning
    @(228.7 mm, 120.2 mm): Footprint R1404
[lib_footprint_mismatch]: Footprint 'HVQFN-24-1EP_4x4mm_P0.5mm_EP2.1x2.1mm' does not match copy in library 'Package_DFN_QFN'.
    ; warning
    @(242.1 mm, 162.6 mm): Footprint IC1101
[lib_footprint_issues]: The current configuration does not include the footprint library 'Testpoints_Kampi'.
    ; warning
    @(195.4 mm, 189.575 mm): Footprint TP702
[lib_footprint_mismatch]: Footprint 'C_0603_1608Metric' does not match copy in library 'Capacitor_SMD'.
    ; warning
    @(210.475 mm, 159.2 mm): Footprint C809
[lib_footprint_issues]: The current configuration does not include the footprint library 'Testpoints_Kampi'.
    ; warning
    @(241.85 mm, 151.4 mm): Footprint TP1104
[lib_footprint_issues]: The current configuration does not include the footprint library 'Testpoints_Kampi'.
    ; warning
    @(240.1 mm, 153.6 mm): Footprint TP1103
[lib_footprint_mismatch]: Footprint 'ESP32-S3-WROOM-1' does not match copy in library 'RF_Module'.
    ; warning
    @(216.0 mm, 124.75 mm): Footprint M901
[lib_footprint_mismatch]: Footprint 'C_0603_1608Metric' does not match copy in library 'Capacitor_SMD'.
    ; warning
    @(220.2 mm, 182.0 mm): Footprint C1105
[lib_footprint_mismatch]: Footprint 'R_0603_1608Metric' does not match copy in library 'Resistor_SMD'.
    ; warning
    @(219.2 mm, 195.0 mm): Footprint R801
[lib_footprint_mismatch]: Footprint 'C_0603_1608Metric' does not match copy in library 'Capacitor_SMD'.
    ; warning
    @(207.9 mm, 164.2 mm): Footprint C812
[lib_footprint_mismatch]: Footprint 'R_0603_1608Metric' does not match copy in library 'Resistor_SMD'.
    ; warning
    @(235.7 mm, 137.475 mm): Footprint R1405
[lib_footprint_mismatch]: Footprint 'L_Murata_DFE201610P' does not match copy in library 'Inductor_SMD'.
    ; warning
    @(208.525 mm, 176.625 mm): Footprint L801
[lib_footprint_mismatch]: Footprint 'C_0603_1608Metric' does not match copy in library 'Capacitor_SMD'.
    ; warning
    @(207.9 mm, 165.75 mm): Footprint C1002
[lib_footprint_mismatch]: Footprint 'SOT-23-5' does not match copy in library 'Package_TO_SOT_SMD'.
    ; warning
    @(208.02 mm, 161.37 mm): Footprint IC806
[lib_footprint_mismatch]: Footprint 'C_0603_1608Metric' does not match copy in library 'Capacitor_SMD'.
    ; warning
    @(220.8 mm, 167.4 mm): Footprint C1001
[lib_footprint_mismatch]: Footprint 'C_0603_1608Metric' does not match copy in library 'Capacitor_SMD'.
    ; warning
    @(192.105 mm, 192.7 mm): Footprint C703
[lib_footprint_issues]: The current configuration does not include the footprint library 'Testpoints_Kampi'.
    ; warning
    @(248.775 mm, 160.425 mm): Footprint TP1107
[lib_footprint_mismatch]: Footprint 'Texas_R-PUQFN-N12' does not match copy in library 'Package_DFN_QFN'.
    ; warning
    @(216.35 mm, 159.6 mm): Footprint IC1003
[lib_footprint_mismatch]: Footprint 'R_0603_1608Metric' does not match copy in library 'Resistor_SMD'.
    ; warning
    @(206.65 mm, 178.5 mm): Footprint R804
[lib_footprint_mismatch]: Footprint 'R_0603_1608Metric' does not match copy in library 'Resistor_SMD'.
    ; warning
    @(239.2 mm, 166.1 mm): Footprint R1101
[lib_footprint_mismatch]: Footprint 'SW_Slide_SPDT_Angled_CK_OS102011MA1Q' does not match copy in library 'Button_Switch_THT'.
    ; warning
    @(223.8 mm, 195.7 mm): Footprint SW801
[lib_footprint_issues]: The current configuration does not include the footprint library 'Testpoints_Kampi'.
    ; warning
    @(207.3 mm, 156.2 mm): Footprint TP1105
[lib_footprint_mismatch]: Footprint 'C_0603_1608Metric' does not match copy in library 'Capacitor_SMD'.
    ; warning
    @(238.3 mm, 163.7 mm): Footprint C1102
[lib_footprint_mismatch]: Footprint 'R_0603_1608Metric' does not match copy in library 'Resistor_SMD'.
    ; warning
    @(196.054999 mm, 185.1 mm): Footprint R703
[lib_footprint_mismatch]: Footprint 'C_0603_1608Metric' does not match copy in library 'Capacitor_SMD'.
    ; warning
    @(205.975 mm, 180.775 mm): Footprint C801
[lib_footprint_issues]: The current configuration does not include the footprint library 'Testpoints_Kampi'.
    ; warning
    @(227.4 mm, 181.9 mm): Footprint TP1108
[lib_footprint_issues]: The current configuration does not include the footprint library 'JST'.
    ; warning
    @(175.0 mm, 190.0 mm): Footprint X702
[lib_footprint_mismatch]: Footprint 'C_0603_1608Metric' does not match copy in library 'Capacitor_SMD'.
    ; warning
    @(218.8 mm, 162.4 mm): Footprint C1004
[lib_footprint_mismatch]: Footprint 'R_0603_1608Metric' does not match copy in library 'Resistor_SMD'.
    ; warning
    @(193.6 mm, 190.4 mm): Footprint R710
[lib_footprint_mismatch]: Footprint 'R_0603_1608Metric' does not match copy in library 'Resistor_SMD'.
    ; warning
    @(205.15 mm, 178.5 mm): Footprint R805
[lib_footprint_issues]: The current configuration does not include the footprint library 'Same Sky'.
    ; warning
    @(258.6 mm, 147.5 mm): Footprint X1301
[lib_footprint_mismatch]: Footprint 'R_0603_1608Metric' does not match copy in library 'Resistor_SMD'.
    ; warning
    @(182.574999 mm, 182.0 mm): Footprint TH701
[lib_footprint_issues]: The current configuration does not include the footprint library 'Testpoints_Kampi'.
    ; warning
    @(246.9 mm, 164.5375 mm): Footprint TP1110
[lib_footprint_mismatch]: Footprint 'USB_C_Receptacle_GCT_USB4110' does not match copy in library 'Connector_USB'.
    ; warning
    @(203.1 mm, 194.3 mm): Footprint X701
[lib_footprint_mismatch]: Footprint 'C_0603_1608Metric' does not match copy in library 'Capacitor_SMD'.
    ; warning
    @(225.0 mm, 165.875 mm): Footprint C807
[lib_footprint_mismatch]: Footprint 'R_0603_1608Metric' does not match copy in library 'Resistor_SMD'.
    ; warning
    @(220.3 mm, 186.7 mm): Footprint R1110
[lib_footprint_mismatch]: Footprint 'SOT-23-6' does not match copy in library 'Package_TO_SOT_SMD'.
    ; warning
    @(199.0 mm, 185.6 mm): Footprint IC702
[lib_footprint_mismatch]: Footprint 'SOT-23-5' does not match copy in library 'Package_TO_SOT_SMD'.
    ; warning
    @(227.8375 mm, 168.425001 mm): Footprint IC805
[lib_footprint_mismatch]: Footprint 'C_0603_1608Metric' does not match copy in library 'Capacitor_SMD'.
    ; warning
    @(180.5 mm, 189.8 mm): Footprint C702
[lib_footprint_mismatch]: Footprint 'C_0603_1608Metric' does not match copy in library 'Capacitor_SMD'.
    ; warning
    @(228.2 mm, 142.425 mm): Footprint C804
[lib_footprint_mismatch]: Footprint 'Amphenol_F32R-1A7x1-11024_1x24-1MP_P0.5mm_Horizontal' does not match copy in library 'Connector_FFC-FPC'.
    ; warning
    @(216.0 mm, 141.2 mm): Footprint X1201
[lib_footprint_mismatch]: Footprint 'R_0603_1608Metric' does not match copy in library 'Resistor_SMD'.
    ; warning
    @(233.84375 mm, 142.875 mm): Footprint R803
[lib_footprint_mismatch]: Footprint 'R_1206_3216Metric' does not match copy in library 'Resistor_SMD'.
    ; warning
    @(199.6 mm, 161.9 mm): Footprint R1104
[lib_footprint_mismatch]: Footprint 'C_0603_1608Metric' does not match copy in library 'Capacitor_SMD'.
    ; warning
    @(201.575001 mm, 140.075 mm): Footprint C802
[lib_footprint_mismatch]: Footprint 'R_0603_1608Metric' does not match copy in library 'Resistor_SMD'.
    ; warning
    @(184.4 mm, 191.1375 mm): Footprint R709
[lib_footprint_mismatch]: Footprint 'SOT-23-3' does not match copy in library 'Package_TO_SOT_SMD'.
    ; warning
    @(187.2 mm, 193.1 mm): Footprint Q701
[lib_footprint_mismatch]: Footprint 'R_1206_3216Metric' does not match copy in library 'Resistor_SMD'.
    ; warning
    @(229.6 mm, 161.9 mm): Footprint R1107
[lib_footprint_mismatch]: Footprint 'R_0603_1608Metric' does not match copy in library 'Resistor_SMD'.
    ; warning
    @(204.275 mm, 137.8 mm): Footprint R802
[lib_footprint_issues]: The current configuration does not include the footprint library 'Package_SON_Kampi'.
    ; warning
    @(230.324999 mm, 146.775 mm): Footprint IC1202
[lib_footprint_issues]: The current configuration does not include the footprint library 'Cree'.
    ; warning
    @(231.0 mm, 157.0 mm): Footprint D1102
[lib_footprint_mismatch]: Footprint 'R_0603_1608Metric' does not match copy in library 'Resistor_SMD'.
    ; warning
    @(230.6 mm, 148.5 mm): Footprint R1206
[lib_footprint_mismatch]: Footprint 'R_0603_1608Metric' does not match copy in library 'Resistor_SMD'.
    ; warning
    @(202.7 mm, 164.2 mm): Footprint R1103
[lib_footprint_issues]: The current configuration does not include the footprint library 'Wuerth'.
    ; warning
    @(236.6 mm, 123.3 mm): Footprint X901
[lib_footprint_mismatch]: Footprint 'R_1206_3216Metric' does not match copy in library 'Resistor_SMD'.
    ; warning
    @(191.5 mm, 194.1 mm): Footprint R711
[lib_footprint_issues]: The current configuration does not include the footprint library 'Cree'.
    ; warning
    @(201.0 mm, 157.0 mm): Footprint D1101
[lib_footprint_issues]: The current configuration does not include the footprint library 'Molex'.
    ; warning
    @(216.0 mm, 168.0 mm): Footprint X1001
[lib_footprint_mismatch]: Footprint 'VSSOP-8_2.3x2mm_P0.5mm' does not match copy in library 'Package_SO'.
    ; warning
    @(208.2 mm, 145.2 mm): Footprint IC1201
[lib_footprint_mismatch]: Footprint 'C_0603_1608Metric' does not match copy in library 'Capacitor_SMD'.
    ; warning
    @(231.3625 mm, 140.1 mm): Footprint C803
[lib_footprint_mismatch]: Footprint 'R_0603_1608Metric' does not match copy in library 'Resistor_SMD'.
    ; warning
    @(232.7 mm, 145.2 mm): Footprint R1208
[lib_footprint_mismatch]: Footprint 'C_0603_1608Metric' does not match copy in library 'Capacitor_SMD'.
    ; warning
    @(203.825 mm, 143.5 mm): Footprint C805
[lib_footprint_mismatch]: Footprint 'R_1206_3216Metric' does not match copy in library 'Resistor_SMD'.
    ; warning
    @(179.8125 mm, 185.5 mm): Footprint R705
[lib_footprint_mismatch]: Footprint 'SOT-23-5' does not match copy in library 'Package_TO_SOT_SMD'.
    ; warning
    @(231.0 mm, 142.6 mm): Footprint IC801
[lib_footprint_mismatch]: Footprint 'Fuse_1206_3216Metric' does not match copy in library 'Fuse'.
    ; warning
    @(182.675 mm, 194.11 mm): Footprint F701
[lib_footprint_mismatch]: Footprint 'SOT-23' does not match copy in library 'Package_TO_SOT_SMD'.
    ; warning
    @(232.5 mm, 161.5 mm): Footprint Q1102
[lib_footprint_mismatch]: Footprint 'R_0603_1608Metric' does not match copy in library 'Resistor_SMD'.
    ; warning
    @(232.5 mm, 164.2 mm): Footprint R1106
[lib_footprint_mismatch]: Footprint 'R_1206_3216Metric' does not match copy in library 'Resistor_SMD'.
    ; warning
    @(179.8125 mm, 187.8 mm): Footprint R707
[lib_footprint_mismatch]: Footprint 'C_0603_1608Metric' does not match copy in library 'Capacitor_SMD'.
    ; warning
    @(227.775 mm, 136.725 mm): Footprint C1201
[lib_footprint_mismatch]: Footprint 'R_1206_3216Metric' does not match copy in library 'Resistor_SMD'.
    ; warning
    @(176.0 mm, 184.3 mm): Footprint R706
[lib_footprint_mismatch]: Footprint 'SOT-23' does not match copy in library 'Package_TO_SOT_SMD'.
    ; warning
    @(202.7 mm, 161.5 mm): Footprint Q1101
[lib_footprint_mismatch]: Footprint 'SOT-23-5' does not match copy in library 'Package_TO_SOT_SMD'.
    ; warning
    @(204.0 mm, 140.6 mm): Footprint IC802
[lib_footprint_mismatch]: Footprint 'C_0603_1608Metric' does not match copy in library 'Capacitor_SMD'.
    ; warning
    @(219.5 mm, 178.2 mm): Footprint C1107
[lib_footprint_mismatch]: Footprint 'R_0603_1608Metric' does not match copy in library 'Resistor_SMD'.
    ; warning
    @(201.85 mm, 191.7 mm): Footprint R702
[lib_footprint_mismatch]: Footprint 'R_0603_1608Metric' does not match copy in library 'Resistor_SMD'.
    ; warning
    @(204.85 mm, 191.7 mm): Footprint R701
[lib_footprint_mismatch]: Footprint 'R_0603_1608Metric' does not match copy in library 'Resistor_SMD'.
    ; warning
    @(228.3 mm, 147.5 mm): Footprint R1204
[lib_footprint_mismatch]: Footprint 'R_1206_3216Metric' does not match copy in library 'Resistor_SMD'.
    ; warning
    @(173.7 mm, 184.3 mm): Footprint R708
[lib_footprint_mismatch]: Footprint 'R_0603_1608Metric' does not match copy in library 'Resistor_SMD'.
    ; warning
    @(221.7 mm, 135.6 mm): Footprint R1201
[lib_footprint_mismatch]: Footprint 'R_0603_1608Metric' does not match copy in library 'Resistor_SMD'.
    ; warning
    @(214.875 mm, 175.7 mm): Footprint R1114
[lib_footprint_mismatch]: Footprint 'C_0603_1608Metric' does not match copy in library 'Capacitor_SMD'.
    ; warning
    @(221.1 mm, 178.2 mm): Footprint C1106
[lib_footprint_mismatch]: Footprint 'R_0603_1608Metric' does not match copy in library 'Resistor_SMD'.
    ; warning
    @(232.7 mm, 146.7 mm): Footprint R1207
[lib_footprint_mismatch]: Footprint 'R_0603_1608Metric' does not match copy in library 'Resistor_SMD'.
    ; warning
    @(229.1 mm, 145.2 mm): Footprint R1205

** Found 0 unconnected pads **

** Found 7 Footprint errors **
[duplicate_footprints]: Duplicate footprints
    ; warning
    @(261.0 mm, 193.0 mm): Footprint REF**
    @(261.0 mm, 123.0 mm): Footprint REF**
[duplicate_footprints]: Duplicate footprints
    ; warning
    @(165.0 mm, 193.0 mm): Footprint REF**
    @(261.0 mm, 123.0 mm): Footprint REF**
[duplicate_footprints]: Duplicate footprints
    ; warning
    @(165.0 mm, 123.0 mm): Footprint REF**
    @(261.0 mm, 123.0 mm): Footprint REF**
[extra_footprint]: Extra footprint
    ; warning
    @(261.0 mm, 123.0 mm): Footprint REF**
[extra_footprint]: Extra footprint
    ; warning
    @(261.0 mm, 193.0 mm): Footprint REF**
[extra_footprint]: Extra footprint
    ; warning
    @(165.0 mm, 193.0 mm): Footprint REF**
[extra_footprint]: Extra footprint
    ; warning
    @(165.0 mm, 123.0 mm): Footprint REF**

** End of Report **
