** Drc report for Mainboard.kicad_pcb **
** Created on 2026-01-21T18:48:10+0000 **

** Found 54 DRC violations **
[lib_footprint_issues]: The current configuration does not include the footprint library 'Testpoints_Kampi'.
    ; warning
    @(201.2 mm, 181.2 mm): Footprint TP701
[lib_footprint_mismatch]: Footprint 'TSSOP-8_3x3mm_P0.65mm' does not match copy in library 'Package_SO'.
    ; warning
    @(201.5 mm, 149.2 mm): Footprint IC1104
[lib_footprint_issues]: The current configuration does not include the footprint library 'Testpoints_Kampi'.
    ; warning
    @(201.5 mm, 141.737501 mm): Footprint TP802
[lib_footprint_mismatch]: Footprint 'Oscillator_SMD_Abracon_ASDMB-4Pin_2.5x2.0mm' does not match copy in library 'Oscillator'.
    ; warning
    @(219.8 mm, 175.675 mm): Footprint Y1001
[lib_footprint_mismatch]: Footprint 'Amphenol_F32R-1A7x1-11014_1x14-1MP_P0.5mm_Horizontal' does not match copy in library 'Connector_FFC-FPC'.
    ; warning
    @(250.0 mm, 132.0 mm): Footprint X1401
[lib_footprint_issues]: The current configuration does not include the footprint library 'Testpoints_Kampi'.
    ; warning
    @(208.675 mm, 168.6 mm): Footprint TP806
[lib_footprint_issues]: The current configuration does not include the footprint library 'Testpoints_Kampi'.
    ; warning
    @(225.9 mm, 148.3 mm): Footprint TP801
[lib_footprint_mismatch]: Footprint 'SOT-23-5' does not match copy in library 'Package_TO_SOT_SMD'.
    ; warning
    @(223.1375 mm, 163.425 mm): Footprint IC804
[lib_footprint_issues]: The current configuration does not include the footprint library 'Package_SON_Kampi'.
    ; warning
    @(222.6 mm, 185.925 mm): Footprint IC1103
[lib_footprint_issues]: The current configuration does not include the footprint library 'Testpoints_Kampi'.
    ; warning
    @(220.0 mm, 148.3 mm): Footprint TP1101
[lib_footprint_mismatch]: Footprint 'WSON-6-1EP_2x2mm_P0.65mm_EP1x1.6mm' does not match copy in library 'Package_SON'.
    ; warning
    @(260.1875 mm, 186.65 mm): Footprint IC1102
[lib_footprint_issues]: The current configuration does not include the footprint library 'Testpoints_Kampi'.
    ; warning
    @(239.2 mm, 170.0 mm): Footprint TP1109
[lib_footprint_issues]: The current configuration does not include the footprint library 'Package_SON_Kampi'.
    ; warning
    @(225.525 mm, 172.375001 mm): Footprint IC1002
[lib_footprint_issues]: The current configuration does not include the footprint library 'Testpoints_Kampi'.
    ; warning
    @(243.7 mm, 156.7 mm): Footprint TP1106
[lib_footprint_issues]: The current configuration does not include the footprint library 'Testpoints_Kampi'.
    ; warning
    @(217.0 mm, 176.5 mm): Footprint TP804
[lib_footprint_mismatch]: Footprint 'TDFN-8-1EP_2x2mm_P0.5mm_EP0.8x1.2mm' does not match copy in library 'Package_DFN_QFN'.
    ; warning
    @(191.5 mm, 189.5 mm): Footprint IC703
[lib_footprint_issues]: The current configuration does not include the footprint library 'Testpoints_Kampi'.
    ; warning
    @(206.7 mm, 173.7 mm): Footprint TP803
[lib_footprint_issues]: The current configuration does not include the footprint library 'Testpoints_Kampi'.
    ; warning
    @(218.0 mm, 166.65 mm): Footprint TP805
[lib_footprint_mismatch]: Footprint 'SOT-666' does not match copy in library 'Package_TO_SOT_SMD'.
    ; warning
    @(203.605 mm, 187.3 mm): Footprint IC701
[lib_footprint_issues]: The current configuration does not include the footprint library 'Testpoints_Kampi'.
    ; warning
    @(219.2 mm, 152.4 mm): Footprint TP1102
[lib_footprint_issues]: The current configuration does not include the footprint library 'Micro Crystal'.
    ; warning
    @(220.2 mm, 184.0 mm): Footprint IC1105
[lib_footprint_mismatch]: Footprint 'Texas_VSON-HR-8_1.5x2mm_P0.5mm' does not match copy in library 'Package_SON'.
    ; warning
    @(208.73 mm, 179.3 mm): Footprint IC801
[lib_footprint_mismatch]: Footprint 'Texas_R-PUQFN-N12' does not match copy in library 'Package_DFN_QFN'.
    ; warning
    @(213.100001 mm, 159.6 mm): Footprint IC1001
[lib_footprint_issues]: The current configuration does not include the footprint library 'Same Sky'.
    ; warning
    @(240.3 mm, 194.3 mm): Footprint SW901
[lib_footprint_mismatch]: Footprint 'HVQFN-24-1EP_4x4mm_P0.5mm_EP2.1x2.1mm' does not match copy in library 'Package_DFN_QFN'.
    ; warning
    @(242.1 mm, 162.6 mm): Footprint IC1101
[lib_footprint_issues]: The current configuration does not include the footprint library 'Testpoints_Kampi'.
    ; warning
    @(195.4 mm, 189.575 mm): Footprint TP702
[lib_footprint_issues]: The current configuration does not include the footprint library 'Testpoints_Kampi'.
    ; warning
    @(241.85 mm, 151.4 mm): Footprint TP1104
[lib_footprint_issues]: The current configuration does not include the footprint library 'Testpoints_Kampi'.
    ; warning
    @(240.1 mm, 153.6 mm): Footprint TP1103
[lib_footprint_mismatch]: Footprint 'ESP32-S3-WROOM-1' does not match copy in library 'RF_Module'.
    ; warning
    @(216.0 mm, 124.75 mm): Footprint M901
[lib_footprint_mismatch]: Footprint 'L_Murata_DFE201610P' does not match copy in library 'Inductor_SMD'.
    ; warning
    @(208.525 mm, 176.625 mm): Footprint L801
[lib_footprint_mismatch]: Footprint 'SOT-23-5' does not match copy in library 'Package_TO_SOT_SMD'.
    ; warning
    @(208.02 mm, 161.37 mm): Footprint IC806
[lib_footprint_issues]: The current configuration does not include the footprint library 'Testpoints_Kampi'.
    ; warning
    @(249.4 mm, 138.2 mm): Footprint TP1107
[lib_footprint_mismatch]: Footprint 'Texas_R-PUQFN-N12' does not match copy in library 'Package_DFN_QFN'.
    ; warning
    @(216.35 mm, 159.6 mm): Footprint IC1003
[lib_footprint_mismatch]: Footprint 'SW_Slide_SPDT_Angled_CK_OS102011MA1Q' does not match copy in library 'Button_Switch_THT'.
    ; warning
    @(223.8 mm, 195.7 mm): Footprint SW701
[lib_footprint_issues]: The current configuration does not include the footprint library 'Testpoints_Kampi'.
    ; warning
    @(207.3 mm, 156.2 mm): Footprint TP1105
[lib_footprint_issues]: The current configuration does not include the footprint library 'Testpoints_Kampi'.
    ; warning
    @(227.4 mm, 181.9 mm): Footprint TP1108
[lib_footprint_issues]: The current configuration does not include the footprint library 'JST'.
    ; warning
    @(175.0 mm, 190.0 mm): Footprint X702
[lib_footprint_mismatch]: Footprint 'microSD_HC_Hirose_DM3BT-DSF-PEJS' does not match copy in library 'Connector_Card'.
    ; warning
    @(257.1 mm, 147.5 mm): Footprint X1301
[lib_footprint_issues]: The current configuration does not include the footprint library 'Testpoints_Kampi'.
    ; warning
    @(246.9 mm, 164.5375 mm): Footprint TP1110
[lib_footprint_mismatch]: Footprint 'USB_C_Receptacle_GCT_USB4110' does not match copy in library 'Connector_USB'.
    ; warning
    @(203.1 mm, 194.3 mm): Footprint X701
[lib_footprint_mismatch]: Footprint 'SOT-23-6' does not match copy in library 'Package_TO_SOT_SMD'.
    ; warning
    @(199.0 mm, 185.6 mm): Footprint IC702
[lib_footprint_mismatch]: Footprint 'SOT-23-5' does not match copy in library 'Package_TO_SOT_SMD'.
    ; warning
    @(227.8375 mm, 168.425001 mm): Footprint IC805
[lib_footprint_mismatch]: Footprint 'Amphenol_F32R-1A7x1-11024_1x24-1MP_P0.5mm_Horizontal' does not match copy in library 'Connector_FFC-FPC'.
    ; warning
    @(216.0 mm, 141.2 mm): Footprint X1201
[lib_footprint_mismatch]: Footprint 'SOT-23-3' does not match copy in library 'Package_TO_SOT_SMD'.
    ; warning
    @(187.2 mm, 193.1 mm): Footprint Q701
[lib_footprint_issues]: The current configuration does not include the footprint library 'Package_SON_Kampi'.
    ; warning
    @(230.324999 mm, 146.775 mm): Footprint IC1202
[lib_footprint_issues]: The current configuration does not include the footprint library 'Cree'.
    ; warning
    @(231.0 mm, 157.0 mm): Footprint D1102
[lib_footprint_issues]: The current configuration does not include the footprint library 'Wuerth'.
    ; warning
    @(236.6 mm, 123.3 mm): Footprint X901
[lib_footprint_issues]: The current configuration does not include the footprint library 'Cree'.
    ; warning
    @(201.0 mm, 157.0 mm): Footprint D1101
[lib_footprint_issues]: The current configuration does not include the footprint library 'Molex'.
    ; warning
    @(216.0 mm, 168.0 mm): Footprint X1001
[lib_footprint_mismatch]: Footprint 'VSSOP-8_2.3x2mm_P0.5mm' does not match copy in library 'Package_SO'.
    ; warning
    @(208.2 mm, 145.2 mm): Footprint IC1201
[lib_footprint_mismatch]: Footprint 'SOT-23-5' does not match copy in library 'Package_TO_SOT_SMD'.
    ; warning
    @(231.0 mm, 142.6 mm): Footprint IC802
[lib_footprint_mismatch]: Footprint 'SOT-23' does not match copy in library 'Package_TO_SOT_SMD'.
    ; warning
    @(232.5 mm, 161.5 mm): Footprint Q1102
[lib_footprint_mismatch]: Footprint 'SOT-23' does not match copy in library 'Package_TO_SOT_SMD'.
    ; warning
    @(202.7 mm, 161.5 mm): Footprint Q1101
[lib_footprint_mismatch]: Footprint 'SOT-23-5' does not match copy in library 'Package_TO_SOT_SMD'.
    ; warning
    @(204.0 mm, 140.6 mm): Footprint IC803

** Found 0 unconnected pads **

** Found 7 Footprint errors **
[duplicate_footprints]: Duplicate footprints
    ; warning
    @(261.0 mm, 193.0 mm): Footprint REF**
    @(261.0 mm, 123.0 mm): Footprint REF**
[duplicate_footprints]: Duplicate footprints
    ; warning
    @(165.0 mm, 193.0 mm): Footprint REF**
    @(261.0 mm, 123.0 mm): Footprint REF**
[duplicate_footprints]: Duplicate footprints
    ; warning
    @(165.0 mm, 123.0 mm): Footprint REF**
    @(261.0 mm, 123.0 mm): Footprint REF**
[extra_footprint]: Extra footprint
    ; warning
    @(261.0 mm, 123.0 mm): Footprint REF**
[extra_footprint]: Extra footprint
    ; warning
    @(261.0 mm, 193.0 mm): Footprint REF**
[extra_footprint]: Extra footprint
    ; warning
    @(165.0 mm, 193.0 mm): Footprint REF**
[extra_footprint]: Extra footprint
    ; warning
    @(165.0 mm, 123.0 mm): Footprint REF**

** End of Report **
